
[1m[46m RUN [49m[22m [36mv4.0.14 [39m[90mC:/Users/saksa/OneDrive/Desktop/ninja/ninjainflatablepark/apps/web[39m

npx : [31mΓÄ»ΓÄ»ΓÄ»ΓÄ
»ΓÄ»ΓÄ»[39m[1m[41m 
Unhandled Errors [49m
[22m[31mΓÄ»ΓÄ»ΓÄ»ΓÄ»
ΓÄ»ΓÄ»[39m
At line:1 char:1
+ npx vitest run > 
test_output.txt 2>&1
+ ~~~~~~~~~~~~~~~~~~~~
~~~~~~~~~~~~~~~~~
    + CategoryInfo    
          : 
NotSpecified: (    
[31mΓÄ»ΓÄ»ΓÄ»Γ...»ΓÄ» 
   
ΓÄ»ΓÄ»[39m:String) [ 
   ], RemoteException
    + 
FullyQualifiedError   
 Id : 
NativeCommandErr    or
 
[31m[1m
Vitest caught 1 
unhandled error 
during the test run.
This might cause 
false positive tests. 
Resolve unhandled 
errors to make sure 
your tests are not 
affected.[22m[39m

[31mΓÄ»ΓÄ»ΓÄ»ΓÄ»ΓÄ»ΓÄ
»[39m[1m[41m 
Unhandled Error [49m
[22m[31mΓÄ»ΓÄ»ΓÄ»ΓÄ»Γ
Ä»ΓÄ»ΓÄ»[39m
[31m[1mError[22m: 
require() of ES 
Module C:\Users\saksa\
OneDrive\Desktop\ninja
\ninjainflatablepark\n
ode_modules\parse5\dis
t\index.js from C:\Use
rs\saksa\OneDrive\Desk
top\ninja\ninjainflata
blepark\node_modules\j
sdom\lib\jsdom\browser
\parser\html.js not 
supported.
Instead change the 
require of index.js 
in C:\Users\saksa\OneD
rive\Desktop\ninja\nin
jainflatablepark\node_
modules\jsdom\lib\jsdo
m\browser\parser\html.
js to a dynamic 
import() which is 
available in all 
CommonJS modules.[39m
[90m [2mΓ¥»[22m 
Object.<anonymous> ../
../node_modules/jsdom/
lib/jsdom/browser/pars
er/html.js:[2m3:16[2
2m[39m
[90m [2mΓ¥»[22m 
Object.<anonymous> ../
../node_modules/jsdom/
lib/jsdom/browser/pars
er/index.js:[2m4:20[
22m[39m
[90m [2mΓ¥»[22m 
Object.<anonymous> ../
../node_modules/jsdom/
lib/jsdom/living/nodes
/Element-impl.js:[2m1
0:27[22m[39m
[90m [2mΓ¥»[22m 
Object.<anonymous> ../
../node_modules/jsdom/
lib/jsdom/living/gener
ated/Element.js:[2m37
18:14[22m[39m
[90m [2mΓ¥»[22m 
Object.<anonymous> ../
../node_modules/jsdom/
lib/jsdom/living/inter
faces.js:[2m21:12[22
m[39m
[90m [2mΓ¥»[22m 
Object.<anonymous> ../
../node_modules/jsdom/
lib/jsdom/browser/Wind
ow.js:[2m7:31[22m[3
9m
[90m [2mΓ¥»[22m 
Object.<anonymous> ../
../node_modules/jsdom/
lib/api.js:[2m13:26[
22m[39m
[90m [2mΓ¥»[22m 
Object.setup ../../nod
e_modules/vitest/dist/
chunks/index.BspFP3mn.
js:[2m501:64[22m[39
m
[90m [2mΓ¥»[22m Obj
ect.setupEnvironment 
[as setup] ../../node_
modules/vitest/dist/ch
unks/base.BEv8sRbK.js:
[2m122:14[22m[39m
[90m [2mΓ¥»[22m 
process.onMessage ../.
./node_modules/vitest/
dist/chunks/init.a5SCI
J0x.js:[2m183:23[22m
[39m

[31m[2mΓÄ»ΓÄ»ΓÄ»ΓÄ»Γ
Ä»ΓÄ»ΓÄ»ΓÄ»ΓÄ»ΓÄ»ΓÄ»ΓÄ
»ΓÄ»ΓÄ»ΓÄ»ΓÄ»ΓÄ»ΓÄ»ΓÄ»
ΓÄ»ΓÄ»ΓÄ»ΓÄ»ΓÄ»ΓÄ»ΓÄ»Γ
Ä»ΓÄ»ΓÄ»ΓÄ»[22m[39m
[31m[1mSerialized 
Error:[22m[39m 
[90m{ code: 
'ERR_REQUIRE_ESM' 
}[39m
[31mΓÄ»ΓÄ»ΓÄ»ΓÄ»ΓÄ»ΓÄ
»ΓÄ»ΓÄ»ΓÄ»ΓÄ»ΓÄ»ΓÄ»ΓÄ»
ΓÄ»ΓÄ»ΓÄ»ΓÄ»ΓÄ»ΓÄ»ΓÄ»Γ
Ä»ΓÄ»ΓÄ»ΓÄ»ΓÄ»ΓÄ»ΓÄ»ΓÄ
»ΓÄ»ΓÄ»[39m


[2m Test Files [22m [2mno tests[22m
[2m      Tests [22m [2mno tests[22m
[2m     Errors [22m [1m[31m1 error[39m[22m
[2m   Start at [22m 00:53:27
[2m   Duration [22m 1.30s[2m (transform 0ms, setup 0ms, import 0ms, tests 0ms, environment 0ms)[22m

