python : Traceback (most 
recent call last):
At line:1 char:1
+ python 
test_serializer.py > 
test_output.txt 2>&1
+ ~~~~~~~~~~~~~~~~~~~~~~~~
~~~~~~~~~~~~~~~~~~~~~~~~
    + CategoryInfo        
      : NotSpecified: (T  
  raceback (most recent   
  call last)::String)     
[], RemoteException
    + FullyQualifiedError 
   Id : NativeCommandErr  
  or
 
  File "C:\Users\saksa\One
Drive\Desktop\ninja\ninjai
nflatablepark-4\backend\te
st_serializer.py", line 
26, in <module>
    if 
serializer.is_valid():
       
^^^^^^^^^^^^^^^^^^^^^
  File "C:\Users\saksa\App
Data\Roaming\Python\Python
311\site-packages\rest_fra
mework\serializers.py", 
line 227, in is_valid
    self._validated_data 
= self.run_validation(self
.initial_data)
                          
 ^^^^^^^^^^^^^^^^^^^^^^^^^
^^^^^^^^^^^^^
  File "C:\Users\saksa\App
Data\Roaming\Python\Python
311\site-packages\rest_fra
mework\serializers.py", 
line 426, in 
run_validation
    value = self.to_intern
al_value(data)
            ^^^^^^^^^^^^^^
^^^^^^^^^^^^^^
  File "C:\Users\saksa\App
Data\Roaming\Python\Python
311\site-packages\rest_fra
mework\serializers.py", 
line 479, in 
to_internal_value
    for field in fields:
  File "C:\Users\saksa\App
Data\Roaming\Python\Python
311\site-packages\rest_fra
mework\serializers.py", 
line 362, in 
_writable_fields
    for field in 
self.fields.values():
                 
^^^^^^^^^^^
  File "C:\Users\saksa\App
Data\Roaming\Python\Python
311\site-packages\django\u
tils\functional.py", line 
47, in __get__
    res = instance.__dict_
_[self.name] = 
self.func(instance)
                          
               
^^^^^^^^^^^^^^^^^^^
  File "C:\Users\saksa\App
Data\Roaming\Python\Python
311\site-packages\rest_fra
mework\serializers.py", 
line 356, in fields
    for key, value in 
self.get_fields().items():
                      
^^^^^^^^^^^^^^^^^
  File "C:\Users\saksa\App
Data\Roaming\Python\Python
311\site-packages\rest_fra
mework\serializers.py", 
line 1086, in get_fields
    fields[field_name] = f
ield_class(**field_kwargs)
                         ^
^^^^^^^^^^^^^^^^^^^^^^^^^^
  File "C:\Users\saksa\App
Data\Roaming\Python\Python
311\site-packages\rest_fra
mework\fields.py", line 
862, in __init__
    validators, 
error_message = ip_address
_validators(protocol, 
self.unpack_ipv4)
    
^^^^^^^^^^^^^^^^^^^^^^^^^
ValueError: not enough 
values to unpack 
(expected 2, got 1)
ERROR: not enough values to unpack (expected 2, got 1)
